Line 14: Class AxSuperFill.SuperFill of control SuperFill1 was not a loaded control class.
